{"level":"info","message":"OPTIONS /api/orders","service":"luxwash-backend","timestamp":"2026-05-28T10:21:33.668Z"}
{"level":"info","message":"POST /api/orders","service":"luxwash-backend","timestamp":"2026-05-28T10:21:33.715Z"}
{"level":"info","message":"OPTIONS /api/auth/register","service":"luxwash-backend","timestamp":"2026-05-28T10:42:05.816Z"}
{"level":"info","message":"POST /api/auth/register","service":"luxwash-backend","timestamp":"2026-05-28T10:42:05.839Z"}
{"level":"info","message":"OPTIONS /api/auth/register","service":"luxwash-backend","timestamp":"2026-05-28T10:54:58.359Z"}
{"level":"info","message":"POST /api/auth/register","service":"luxwash-backend","timestamp":"2026-05-28T10:54:58.388Z"}
{"level":"info","message":"OPTIONS /api/auth/login","service":"luxwash-backend","timestamp":"2026-05-28T12:03:06.583Z"}
{"level":"info","message":"POST /api/auth/login","service":"luxwash-backend","timestamp":"2026-05-28T12:03:06.666Z"}
{"level":"info","message":"OPTIONS /api/auth/register","service":"luxwash-backend","timestamp":"2026-05-28T12:03:23.882Z"}
{"level":"info","message":"POST /api/auth/register","service":"luxwash-backend","timestamp":"2026-05-28T12:03:23.889Z"}
{"level":"info","message":"OPTIONS /api/invoices/customer/me","service":"luxwash-backend","timestamp":"2026-05-28T12:04:11.341Z"}
{"level":"info","message":"OPTIONS /api/invoices/customer/me","service":"luxwash-backend","timestamp":"2026-05-28T12:04:11.359Z"}
{"level":"info","message":"GET /api/invoices/customer/me","service":"luxwash-backend","timestamp":"2026-05-28T12:04:11.374Z"}
{"level":"info","message":"GET /api/invoices/customer/me","service":"luxwash-backend","timestamp":"2026-05-28T12:04:12.997Z"}
{"level":"info","message":"OPTIONS /api/auth/me","service":"luxwash-backend","timestamp":"2026-05-28T12:05:51.070Z"}
{"level":"info","message":"OPTIONS /api/auth/me","service":"luxwash-backend","timestamp":"2026-05-28T12:05:51.081Z"}
{"level":"info","message":"GET /api/auth/me","service":"luxwash-backend","timestamp":"2026-05-28T12:05:51.086Z"}
{"level":"info","message":"GET /api/auth/me","service":"luxwash-backend","timestamp":"2026-05-28T12:05:51.823Z"}
{"level":"info","message":"OPTIONS /api/auth/me","service":"luxwash-backend","timestamp":"2026-05-28T12:06:28.350Z"}
{"level":"info","message":"OPTIONS /api/auth/me","service":"luxwash-backend","timestamp":"2026-05-28T12:06:28.358Z"}
{"level":"info","message":"GET /api/auth/me","service":"luxwash-backend","timestamp":"2026-05-28T12:06:28.380Z"}
{"level":"info","message":"GET /api/auth/me","service":"luxwash-backend","timestamp":"2026-05-28T12:06:29.230Z"}
{"level":"info","message":"OPTIONS /api/orders?limit=5","service":"luxwash-backend","timestamp":"2026-05-28T12:06:29.252Z"}
{"level":"info","message":"OPTIONS /api/orders?limit=5","service":"luxwash-backend","timestamp":"2026-05-28T12:06:29.257Z"}
{"level":"info","message":"GET /api/orders?limit=5","service":"luxwash-backend","timestamp":"2026-05-28T12:06:29.261Z"}
{"level":"info","message":"GET /api/orders?limit=5","service":"luxwash-backend","timestamp":"2026-05-28T12:06:30.121Z"}
{"level":"info","message":"OPTIONS /api/orders","service":"luxwash-backend","timestamp":"2026-05-28T12:06:34.546Z"}
{"level":"info","message":"OPTIONS /api/orders","service":"luxwash-backend","timestamp":"2026-05-28T12:06:34.550Z"}
{"level":"info","message":"GET /api/orders","service":"luxwash-backend","timestamp":"2026-05-28T12:06:34.585Z"}
{"level":"info","message":"GET /api/orders","service":"luxwash-backend","timestamp":"2026-05-28T12:06:35.661Z"}
{"level":"info","message":"OPTIONS /api/invoices/customer/me","service":"luxwash-backend","timestamp":"2026-05-28T12:06:37.730Z"}
{"level":"info","message":"OPTIONS /api/invoices/customer/me","service":"luxwash-backend","timestamp":"2026-05-28T12:06:37.731Z"}
{"level":"info","message":"GET /api/invoices/customer/me","service":"luxwash-backend","timestamp":"2026-05-28T12:06:37.743Z"}
{"level":"info","message":"GET /api/invoices/customer/me","service":"luxwash-backend","timestamp":"2026-05-28T12:06:38.063Z"}
{"level":"info","message":"OPTIONS /api/auth/me","service":"luxwash-backend","timestamp":"2026-05-28T12:06:40.077Z"}
{"level":"info","message":"OPTIONS /api/auth/me","service":"luxwash-backend","timestamp":"2026-05-28T12:06:40.079Z"}
{"level":"info","message":"GET /api/auth/me","service":"luxwash-backend","timestamp":"2026-05-28T12:06:40.093Z"}
{"level":"info","message":"GET /api/auth/me","service":"luxwash-backend","timestamp":"2026-05-28T12:06:40.316Z"}
{"level":"info","message":"GET /api/auth/me","service":"luxwash-backend","timestamp":"2026-05-28T12:06:44.595Z"}
{"level":"info","message":"GET /api/auth/me","service":"luxwash-backend","timestamp":"2026-05-28T12:06:44.745Z"}
{"level":"info","message":"OPTIONS /api/orders?limit=5","service":"luxwash-backend","timestamp":"2026-05-28T12:06:44.753Z"}
{"level":"info","message":"OPTIONS /api/orders?limit=5","service":"luxwash-backend","timestamp":"2026-05-28T12:06:44.755Z"}
{"level":"info","message":"GET /api/orders?limit=5","service":"luxwash-backend","timestamp":"2026-05-28T12:06:44.757Z"}
{"level":"info","message":"GET /api/orders?limit=5","service":"luxwash-backend","timestamp":"2026-05-28T12:06:45.029Z"}
{"level":"info","message":"OPTIONS /api/orders","service":"luxwash-backend","timestamp":"2026-05-28T12:06:55.661Z"}
{"level":"info","message":"OPTIONS /api/orders","service":"luxwash-backend","timestamp":"2026-05-28T12:06:55.664Z"}
{"level":"info","message":"GET /api/orders","service":"luxwash-backend","timestamp":"2026-05-28T12:06:55.672Z"}
{"level":"info","message":"GET /api/orders","service":"luxwash-backend","timestamp":"2026-05-28T12:06:57.261Z"}
{"level":"info","message":"OPTIONS /api/invoices/customer/me","service":"luxwash-backend","timestamp":"2026-05-28T12:06:57.605Z"}
{"level":"info","message":"OPTIONS /api/invoices/customer/me","service":"luxwash-backend","timestamp":"2026-05-28T12:06:57.607Z"}
{"level":"info","message":"GET /api/invoices/customer/me","service":"luxwash-backend","timestamp":"2026-05-28T12:06:57.613Z"}
{"level":"info","message":"GET /api/invoices/customer/me","service":"luxwash-backend","timestamp":"2026-05-28T12:06:58.062Z"}
{"level":"info","message":"OPTIONS /api/auth/me","service":"luxwash-backend","timestamp":"2026-05-28T12:06:59.005Z"}
{"level":"info","message":"OPTIONS /api/auth/me","service":"luxwash-backend","timestamp":"2026-05-28T12:06:59.007Z"}
{"level":"info","message":"GET /api/auth/me","service":"luxwash-backend","timestamp":"2026-05-28T12:06:59.016Z"}
{"level":"info","message":"GET /api/auth/me","service":"luxwash-backend","timestamp":"2026-05-28T12:06:59.171Z"}
{"level":"info","message":"OPTIONS /api/auth/me","service":"luxwash-backend","timestamp":"2026-05-28T12:07:06.172Z"}
{"level":"info","message":"OPTIONS /api/auth/me","service":"luxwash-backend","timestamp":"2026-05-28T12:07:06.174Z"}
{"level":"info","message":"GET /api/auth/me","service":"luxwash-backend","timestamp":"2026-05-28T12:07:06.182Z"}
{"level":"info","message":"GET /api/auth/me","service":"luxwash-backend","timestamp":"2026-05-28T12:07:06.331Z"}
{"level":"info","message":"OPTIONS /api/orders?limit=5","service":"luxwash-backend","timestamp":"2026-05-28T12:07:06.348Z"}
{"level":"info","message":"OPTIONS /api/orders?limit=5","service":"luxwash-backend","timestamp":"2026-05-28T12:07:06.350Z"}
{"level":"info","message":"GET /api/orders?limit=5","service":"luxwash-backend","timestamp":"2026-05-28T12:07:06.354Z"}
{"level":"info","message":"GET /api/orders?limit=5","service":"luxwash-backend","timestamp":"2026-05-28T12:07:06.636Z"}
{"level":"info","message":"OPTIONS /api/auth/me","service":"luxwash-backend","timestamp":"2026-05-28T12:09:14.199Z"}
{"level":"info","message":"OPTIONS /api/auth/me","service":"luxwash-backend","timestamp":"2026-05-28T12:09:14.202Z"}
{"level":"info","message":"GET /api/auth/me","service":"luxwash-backend","timestamp":"2026-05-28T12:09:14.208Z"}
{"level":"info","message":"GET /api/auth/me","service":"luxwash-backend","timestamp":"2026-05-28T12:09:14.906Z"}
{"level":"info","message":"OPTIONS /api/orders?limit=5","service":"luxwash-backend","timestamp":"2026-05-28T12:09:14.923Z"}
{"level":"info","message":"OPTIONS /api/orders?limit=5","service":"luxwash-backend","timestamp":"2026-05-28T12:09:14.924Z"}
{"level":"info","message":"GET /api/orders?limit=5","service":"luxwash-backend","timestamp":"2026-05-28T12:09:14.928Z"}
{"level":"info","message":"GET /api/orders?limit=5","service":"luxwash-backend","timestamp":"2026-05-28T12:09:16.622Z"}
{"level":"info","message":"OPTIONS /api/auth/me","service":"luxwash-backend","timestamp":"2026-05-28T12:13:04.706Z"}
{"level":"info","message":"OPTIONS /api/auth/me","service":"luxwash-backend","timestamp":"2026-05-28T12:13:04.731Z"}
{"level":"info","message":"GET /api/auth/me","service":"luxwash-backend","timestamp":"2026-05-28T12:13:04.734Z"}
{"level":"info","message":"GET /api/auth/me","service":"luxwash-backend","timestamp":"2026-05-28T12:13:05.782Z"}
{"level":"info","message":"GET /api/auth/me","service":"luxwash-backend","timestamp":"2026-05-28T12:13:05.937Z"}
{"level":"info","message":"GET /api/auth/me","service":"luxwash-backend","timestamp":"2026-05-28T12:13:06.076Z"}
{"level":"info","message":"OPTIONS /api/auth/me","service":"luxwash-backend","timestamp":"2026-05-28T12:15:32.135Z"}
{"level":"info","message":"OPTIONS /api/auth/me","service":"luxwash-backend","timestamp":"2026-05-28T12:15:32.149Z"}
{"level":"info","message":"GET /api/auth/me","service":"luxwash-backend","timestamp":"2026-05-28T12:15:32.152Z"}
{"level":"info","message":"GET /api/auth/me","service":"luxwash-backend","timestamp":"2026-05-28T12:15:32.945Z"}
{"level":"info","message":"OPTIONS /api/auth/me","service":"luxwash-backend","timestamp":"2026-05-28T12:15:44.881Z"}
{"level":"info","message":"OPTIONS /api/auth/me","service":"luxwash-backend","timestamp":"2026-05-28T12:15:44.883Z"}
{"level":"info","message":"GET /api/auth/me","service":"luxwash-backend","timestamp":"2026-05-28T12:15:44.893Z"}
{"level":"info","message":"GET /api/auth/me","service":"luxwash-backend","timestamp":"2026-05-28T12:15:45.745Z"}
{"level":"info","message":"OPTIONS /api/orders?limit=5","service":"luxwash-backend","timestamp":"2026-05-28T12:15:45.767Z"}
{"level":"info","message":"OPTIONS /api/orders?limit=5","service":"luxwash-backend","timestamp":"2026-05-28T12:15:45.768Z"}
{"level":"info","message":"GET /api/orders?limit=5","service":"luxwash-backend","timestamp":"2026-05-28T12:15:45.771Z"}
{"level":"info","message":"GET /api/orders?limit=5","service":"luxwash-backend","timestamp":"2026-05-28T12:15:47.305Z"}
{"level":"info","message":"OPTIONS /api/orders","service":"luxwash-backend","timestamp":"2026-05-28T12:15:49.651Z"}
{"level":"info","message":"OPTIONS /api/orders","service":"luxwash-backend","timestamp":"2026-05-28T12:15:49.654Z"}
{"level":"info","message":"GET /api/orders","service":"luxwash-backend","timestamp":"2026-05-28T12:15:49.669Z"}
{"level":"info","message":"GET /api/orders","service":"luxwash-backend","timestamp":"2026-05-28T12:15:50.032Z"}
{"level":"info","message":"OPTIONS /api/invoices/customer/me","service":"luxwash-backend","timestamp":"2026-05-28T12:15:51.019Z"}
{"level":"info","message":"OPTIONS /api/invoices/customer/me","service":"luxwash-backend","timestamp":"2026-05-28T12:15:51.022Z"}
{"level":"info","message":"GET /api/invoices/customer/me","service":"luxwash-backend","timestamp":"2026-05-28T12:15:51.032Z"}
{"level":"info","message":"GET /api/invoices/customer/me","service":"luxwash-backend","timestamp":"2026-05-28T12:15:51.333Z"}
{"level":"info","message":"OPTIONS /api/auth/me","service":"luxwash-backend","timestamp":"2026-05-28T12:15:52.221Z"}
{"level":"info","message":"OPTIONS /api/auth/me","service":"luxwash-backend","timestamp":"2026-05-28T12:15:52.225Z"}
{"level":"info","message":"GET /api/auth/me","service":"luxwash-backend","timestamp":"2026-05-28T12:15:52.237Z"}
{"level":"info","message":"GET /api/auth/me","service":"luxwash-backend","timestamp":"2026-05-28T12:15:52.371Z"}
{"level":"info","message":"OPTIONS /api/auth/me","service":"luxwash-backend","timestamp":"2026-05-28T12:17:35.500Z"}
{"level":"info","message":"GET /api/auth/me","service":"luxwash-backend","timestamp":"2026-05-28T12:17:35.504Z"}
{"level":"info","message":"OPTIONS /api/auth/login","service":"luxwash-backend","timestamp":"2026-05-28T12:19:53.377Z"}
{"level":"info","message":"POST /api/auth/login","service":"luxwash-backend","timestamp":"2026-05-28T12:19:53.400Z"}
{"level":"info","message":"OPTIONS /api/auth/login","service":"luxwash-backend","timestamp":"2026-05-28T12:20:36.851Z"}
{"level":"info","message":"POST /api/auth/login","service":"luxwash-backend","timestamp":"2026-05-28T12:20:36.857Z"}
{"level":"info","message":"OPTIONS /api/auth/login","service":"luxwash-backend","timestamp":"2026-05-28T12:26:24.636Z"}
{"level":"info","message":"POST /api/auth/login","service":"luxwash-backend","timestamp":"2026-05-28T12:26:24.660Z"}
{"level":"info","message":"OPTIONS /api/auth/me","service":"luxwash-backend","timestamp":"2026-05-28T12:26:33.830Z"}
{"level":"info","message":"OPTIONS /api/auth/me","service":"luxwash-backend","timestamp":"2026-05-28T12:26:33.837Z"}
{"level":"info","message":"GET /api/auth/me","service":"luxwash-backend","timestamp":"2026-05-28T12:26:33.843Z"}
{"level":"info","message":"GET /api/auth/me","service":"luxwash-backend","timestamp":"2026-05-28T12:26:33.998Z"}
{"level":"info","message":"GET /api/auth/me","service":"luxwash-backend","timestamp":"2026-05-28T12:26:34.230Z"}
{"level":"info","message":"GET /api/auth/me","service":"luxwash-backend","timestamp":"2026-05-28T12:26:34.377Z"}
{"level":"info","message":"OPTIONS /api/dashboard/stats","service":"luxwash-backend","timestamp":"2026-05-28T12:26:52.667Z"}
{"level":"info","message":"OPTIONS /api/dashboard/stats","service":"luxwash-backend","timestamp":"2026-05-28T12:26:52.674Z"}
{"level":"info","message":"GET /api/dashboard/stats","service":"luxwash-backend","timestamp":"2026-05-28T12:26:52.680Z"}
{"level":"info","message":"GET /api/dashboard/stats","service":"luxwash-backend","timestamp":"2026-05-28T12:26:53.719Z"}
{"level":"info","message":"OPTIONS /api/orders","service":"luxwash-backend","timestamp":"2026-05-28T12:26:59.108Z"}
{"level":"info","message":"OPTIONS /api/customers","service":"luxwash-backend","timestamp":"2026-05-28T12:26:59.115Z"}
{"level":"info","message":"OPTIONS /api/orders","service":"luxwash-backend","timestamp":"2026-05-28T12:26:59.159Z"}
{"level":"info","message":"GET /api/services","service":"luxwash-backend","timestamp":"2026-05-28T12:26:59.173Z"}
{"level":"info","message":"GET /api/orders","service":"luxwash-backend","timestamp":"2026-05-28T12:26:59.183Z"}
{"level":"info","message":"OPTIONS /api/customers","service":"luxwash-backend","timestamp":"2026-05-28T12:26:59.212Z"}
{"level":"info","message":"GET /api/customers","service":"luxwash-backend","timestamp":"2026-05-28T12:26:59.220Z"}
{"level":"info","message":"GET /api/services","service":"luxwash-backend","timestamp":"2026-05-28T12:26:59.316Z"}
{"level":"info","message":"GET /api/customers","service":"luxwash-backend","timestamp":"2026-05-28T12:26:59.380Z"}
{"level":"info","message":"GET /api/orders","service":"luxwash-backend","timestamp":"2026-05-28T12:26:59.467Z"}
{"level":"info","message":"OPTIONS /api/invoices?page=1&limit=50","service":"luxwash-backend","timestamp":"2026-05-28T12:27:02.254Z"}
{"level":"info","message":"OPTIONS /api/invoices/analytics","service":"luxwash-backend","timestamp":"2026-05-28T12:27:02.257Z"}
{"level":"info","message":"OPTIONS /api/invoices?page=1&limit=50","service":"luxwash-backend","timestamp":"2026-05-28T12:27:02.259Z"}
{"level":"info","message":"OPTIONS /api/invoices/analytics","service":"luxwash-backend","timestamp":"2026-05-28T12:27:02.278Z"}
{"level":"info","message":"GET /api/invoices?page=1&limit=50","service":"luxwash-backend","timestamp":"2026-05-28T12:27:02.281Z"}
{"level":"info","message":"GET /api/invoices/analytics","service":"luxwash-backend","timestamp":"2026-05-28T12:27:02.296Z"}
{"level":"info","message":"GET /api/invoices?page=1&limit=50","service":"luxwash-backend","timestamp":"2026-05-28T12:27:02.571Z"}
{"level":"info","message":"GET /api/invoices/analytics","service":"luxwash-backend","timestamp":"2026-05-28T12:27:02.576Z"}
{"level":"info","message":"OPTIONS /api/orders","service":"luxwash-backend","timestamp":"2026-05-28T12:27:04.444Z"}
{"level":"info","message":"OPTIONS /api/customers","service":"luxwash-backend","timestamp":"2026-05-28T12:27:04.447Z"}
{"level":"info","message":"OPTIONS /api/orders","service":"luxwash-backend","timestamp":"2026-05-28T12:27:04.463Z"}
{"level":"info","message":"OPTIONS /api/customers","service":"luxwash-backend","timestamp":"2026-05-28T12:27:04.473Z"}
{"level":"info","message":"GET /api/services","service":"luxwash-backend","timestamp":"2026-05-28T12:27:04.480Z"}
{"level":"info","message":"GET /api/orders","service":"luxwash-backend","timestamp":"2026-05-28T12:27:04.483Z"}
{"level":"info","message":"GET /api/customers","service":"luxwash-backend","timestamp":"2026-05-28T12:27:04.485Z"}
{"level":"info","message":"GET /api/services","service":"luxwash-backend","timestamp":"2026-05-28T12:27:04.617Z"}
{"level":"info","message":"GET /api/customers","service":"luxwash-backend","timestamp":"2026-05-28T12:27:04.621Z"}
{"level":"info","message":"GET /api/orders","service":"luxwash-backend","timestamp":"2026-05-28T12:27:04.746Z"}
{"level":"info","message":"OPTIONS /api/dashboard/stats","service":"luxwash-backend","timestamp":"2026-05-28T12:27:19.995Z"}
{"level":"info","message":"OPTIONS /api/dashboard/stats","service":"luxwash-backend","timestamp":"2026-05-28T12:27:20.001Z"}
{"level":"info","message":"GET /api/dashboard/stats","service":"luxwash-backend","timestamp":"2026-05-28T12:27:20.004Z"}
{"level":"info","message":"GET /api/dashboard/stats","service":"luxwash-backend","timestamp":"2026-05-28T12:27:20.857Z"}
{"level":"info","message":"OPTIONS /api/content/settings","service":"luxwash-backend","timestamp":"2026-05-28T12:27:36.964Z"}
{"level":"info","message":"OPTIONS /api/content/settings","service":"luxwash-backend","timestamp":"2026-05-28T12:27:36.971Z"}
{"level":"info","message":"GET /api/content/settings","service":"luxwash-backend","timestamp":"2026-05-28T12:27:36.981Z"}
{"level":"info","message":"GET /api/content/settings","service":"luxwash-backend","timestamp":"2026-05-28T12:27:37.747Z"}
{"level":"info","message":"OPTIONS /api/contact","service":"luxwash-backend","timestamp":"2026-05-28T12:27:45.070Z"}
{"level":"info","message":"OPTIONS /api/contact","service":"luxwash-backend","timestamp":"2026-05-28T12:27:45.075Z"}
{"level":"info","message":"GET /api/contact","service":"luxwash-backend","timestamp":"2026-05-28T12:27:45.086Z"}
{"level":"info","message":"GET /api/contact","service":"luxwash-backend","timestamp":"2026-05-28T12:27:45.267Z"}
{"level":"info","message":"OPTIONS /api/content","service":"luxwash-backend","timestamp":"2026-05-28T12:27:47.362Z"}
{"level":"info","message":"OPTIONS /api/content","service":"luxwash-backend","timestamp":"2026-05-28T12:27:47.374Z"}
{"level":"info","message":"GET /api/content","service":"luxwash-backend","timestamp":"2026-05-28T12:27:47.383Z"}
{"level":"info","message":"GET /api/content","service":"luxwash-backend","timestamp":"2026-05-28T12:27:47.542Z"}
{"level":"info","message":"OPTIONS /api/whatsapp/logs","service":"luxwash-backend","timestamp":"2026-05-28T12:28:00.565Z"}
{"level":"info","message":"OPTIONS /api/whatsapp/logs","service":"luxwash-backend","timestamp":"2026-05-28T12:28:00.567Z"}
{"level":"info","message":"GET /api/whatsapp/logs","service":"luxwash-backend","timestamp":"2026-05-28T12:28:00.572Z"}
{"level":"info","message":"GET /api/whatsapp/logs","service":"luxwash-backend","timestamp":"2026-05-28T12:28:01.400Z"}
{"level":"info","message":"GET /api/services","service":"luxwash-backend","timestamp":"2026-05-28T12:28:04.215Z"}
{"level":"info","message":"GET /api/services","service":"luxwash-backend","timestamp":"2026-05-28T12:28:04.356Z"}
{"level":"info","message":"OPTIONS /api/customers","service":"luxwash-backend","timestamp":"2026-05-28T12:28:08.691Z"}
{"level":"info","message":"OPTIONS /api/customers","service":"luxwash-backend","timestamp":"2026-05-28T12:28:08.694Z"}
{"level":"info","message":"GET /api/customers","service":"luxwash-backend","timestamp":"2026-05-28T12:28:08.704Z"}
{"level":"info","message":"GET /api/customers","service":"luxwash-backend","timestamp":"2026-05-28T12:28:09.588Z"}
{"level":"info","message":"OPTIONS /api/dashboard/stats","service":"luxwash-backend","timestamp":"2026-05-28T12:28:21.789Z"}
{"level":"info","message":"OPTIONS /api/dashboard/stats","service":"luxwash-backend","timestamp":"2026-05-28T12:28:21.792Z"}
{"level":"info","message":"GET /api/dashboard/stats","service":"luxwash-backend","timestamp":"2026-05-28T12:28:21.796Z"}
{"level":"info","message":"GET /api/dashboard/stats","service":"luxwash-backend","timestamp":"2026-05-28T12:28:22.825Z"}
{"level":"info","message":"GET /api/services","service":"luxwash-backend","timestamp":"2026-05-28T12:33:15.778Z"}
{"level":"info","message":"POST /api/auth/login","service":"luxwash-backend","timestamp":"2026-05-28T12:33:56.983Z"}
{"level":"info","message":"GET /api/services","service":"luxwash-backend","timestamp":"2026-05-28T12:33:58.190Z"}
{"level":"info","message":"POST /api/services","service":"luxwash-backend","timestamp":"2026-05-28T12:33:58.393Z"}
{"level":"info","message":"POST /api/auth/register","service":"luxwash-backend","timestamp":"2026-05-28T12:33:58.542Z"}
{"level":"info","message":"POST /api/orders","service":"luxwash-backend","timestamp":"2026-05-28T12:33:59.036Z"}
{"level":"info","message":"GET /api/orders","service":"luxwash-backend","timestamp":"2026-05-28T12:34:06.409Z"}
{"level":"info","message":"OPTIONS /api/orders","service":"luxwash-backend","timestamp":"2026-05-28T12:34:36.936Z"}
{"level":"info","message":"GET /api/orders","service":"luxwash-backend","timestamp":"2026-05-28T12:34:36.979Z"}
{"level":"info","message":"GET /api/services","service":"luxwash-backend","timestamp":"2026-05-28T12:34:37.281Z"}
{"level":"info","message":"OPTIONS /api/customers","service":"luxwash-backend","timestamp":"2026-05-28T12:34:37.291Z"}
{"level":"info","message":"OPTIONS /api/orders","service":"luxwash-backend","timestamp":"2026-05-28T12:34:37.295Z"}
{"level":"info","message":"OPTIONS /api/customers","service":"luxwash-backend","timestamp":"2026-05-28T12:34:37.298Z"}
{"level":"info","message":"GET /api/customers","service":"luxwash-backend","timestamp":"2026-05-28T12:34:37.300Z"}
{"level":"info","message":"POST /api/auth/login","service":"luxwash-backend","timestamp":"2026-05-28T12:34:37.372Z"}
{"level":"info","message":"GET /api/services","service":"luxwash-backend","timestamp":"2026-05-28T12:34:38.025Z"}
{"level":"info","message":"GET /api/customers","service":"luxwash-backend","timestamp":"2026-05-28T12:34:38.029Z"}
{"level":"info","message":"GET /api/services","service":"luxwash-backend","timestamp":"2026-05-28T12:34:38.336Z"}
{"level":"info","message":"POST /api/auth/register","service":"luxwash-backend","timestamp":"2026-05-28T12:34:38.483Z"}
{"level":"info","message":"GET /api/orders","service":"luxwash-backend","timestamp":"2026-05-28T12:34:38.876Z"}
{"level":"info","message":"POST /api/orders","service":"luxwash-backend","timestamp":"2026-05-28T12:34:38.991Z"}
{"level":"info","message":"GET /api/orders","service":"luxwash-backend","timestamp":"2026-05-28T12:34:46.329Z"}
{"level":"info","message":"PATCH /api/orders/cmpph6hq00001h4ugk5fldo9b","service":"luxwash-backend","timestamp":"2026-05-28T12:34:46.639Z"}
{"level":"info","message":"OPTIONS /api/orders/cmpph5mw3000224ugojwx3a15","service":"luxwash-backend","timestamp":"2026-05-28T12:35:04.535Z"}
{"level":"info","message":"PATCH /api/orders/cmpph5mw3000224ugojwx3a15","service":"luxwash-backend","timestamp":"2026-05-28T12:35:04.540Z"}
{"level":"info","message":"PATCH /api/orders/cmpph5mw3000224ugojwx3a15","service":"luxwash-backend","timestamp":"2026-05-28T12:35:07.872Z"}
{"level":"info","message":"OPTIONS /api/orders/cmpph5mw3000224ugojwx3a15","service":"luxwash-backend","timestamp":"2026-05-28T12:35:12.083Z"}
{"level":"info","message":"PATCH /api/orders/cmpph5mw3000224ugojwx3a15","service":"luxwash-backend","timestamp":"2026-05-28T12:35:12.087Z"}
{"level":"info","message":"OPTIONS /api/invoices?page=1&limit=50","service":"luxwash-backend","timestamp":"2026-05-28T12:35:24.848Z"}
{"level":"info","message":"OPTIONS /api/invoices/analytics","service":"luxwash-backend","timestamp":"2026-05-28T12:35:24.874Z"}
{"level":"info","message":"OPTIONS /api/invoices?page=1&limit=50","service":"luxwash-backend","timestamp":"2026-05-28T12:35:24.877Z"}
{"level":"info","message":"GET /api/invoices?page=1&limit=50","service":"luxwash-backend","timestamp":"2026-05-28T12:35:24.879Z"}
{"level":"info","message":"OPTIONS /api/invoices/analytics","service":"luxwash-backend","timestamp":"2026-05-28T12:35:25.141Z"}
{"level":"info","message":"GET /api/invoices/analytics","service":"luxwash-backend","timestamp":"2026-05-28T12:35:25.146Z"}
{"level":"info","message":"GET /api/invoices/analytics","service":"luxwash-backend","timestamp":"2026-05-28T12:35:26.072Z"}
{"level":"info","message":"GET /api/invoices?page=1&limit=50","service":"luxwash-backend","timestamp":"2026-05-28T12:35:26.667Z"}
{"level":"info","message":"POST /api/auth/login","service":"luxwash-backend","timestamp":"2026-05-28T12:35:36.216Z"}
{"level":"info","message":"OPTIONS /api/invoices/cmpph6j520003h4ug95h03qpz/status","service":"luxwash-backend","timestamp":"2026-05-28T12:35:36.344Z"}
{"level":"info","message":"PATCH /api/invoices/cmpph6j520003h4ug95h03qpz/status","service":"luxwash-backend","timestamp":"2026-05-28T12:35:36.349Z"}
{"level":"info","message":"GET /api/services","service":"luxwash-backend","timestamp":"2026-05-28T12:35:36.627Z"}
{"level":"info","message":"POST /api/auth/register","service":"luxwash-backend","timestamp":"2026-05-28T12:35:36.795Z"}
{"level":"info","message":"POST /api/orders","service":"luxwash-backend","timestamp":"2026-05-28T12:35:37.234Z"}
{"level":"info","message":"OPTIONS /api/invoices/cmpph6j520003h4ug95h03qpz","service":"luxwash-backend","timestamp":"2026-05-28T12:35:43.837Z"}
{"level":"info","message":"OPTIONS /api/invoices/cmpph6j520003h4ug95h03qpz","service":"luxwash-backend","timestamp":"2026-05-28T12:35:43.841Z"}
{"level":"info","message":"GET /api/invoices/cmpph6j520003h4ug95h03qpz","service":"luxwash-backend","timestamp":"2026-05-28T12:35:43.848Z"}
{"level":"info","message":"GET /api/orders","service":"luxwash-backend","timestamp":"2026-05-28T12:35:44.418Z"}
{"level":"info","message":"GET /api/invoices/cmpph6j520003h4ug95h03qpz","service":"luxwash-backend","timestamp":"2026-05-28T12:35:44.700Z"}
{"level":"info","message":"PATCH /api/orders/cmpph7qno000174ug9refw3iw","service":"luxwash-backend","timestamp":"2026-05-28T12:35:45.239Z"}
{"level":"info","message":"OPTIONS /api/invoices/cmpph6j520003h4ug95h03qpz/pdf","service":"luxwash-backend","timestamp":"2026-05-28T12:35:48.817Z"}
{"level":"info","message":"GET /api/invoices/cmpph6j520003h4ug95h03qpz/pdf","service":"luxwash-backend","timestamp":"2026-05-28T12:35:48.820Z"}
{"level":"info","message":"OPTIONS /api/invoices/customer/me","service":"luxwash-backend","timestamp":"2026-05-28T12:36:19.082Z"}
{"level":"info","message":"OPTIONS /api/invoices/customer/me","service":"luxwash-backend","timestamp":"2026-05-28T12:36:19.085Z"}
{"level":"info","message":"GET /api/invoices/customer/me","service":"luxwash-backend","timestamp":"2026-05-28T12:36:19.094Z"}
{"level":"info","message":"GET /api/invoices/customer/me","service":"luxwash-backend","timestamp":"2026-05-28T12:36:20.698Z"}
{"level":"info","message":"OPTIONS /api/invoices/cmpph6j520003h4ug95h03qpz","service":"luxwash-backend","timestamp":"2026-05-28T12:36:25.285Z"}
{"level":"info","message":"OPTIONS /api/invoices/cmpph6j520003h4ug95h03qpz","service":"luxwash-backend","timestamp":"2026-05-28T12:36:25.291Z"}
{"level":"info","message":"GET /api/invoices/cmpph6j520003h4ug95h03qpz","service":"luxwash-backend","timestamp":"2026-05-28T12:36:25.302Z"}
{"level":"info","message":"GET /api/invoices/cmpph6j520003h4ug95h03qpz","service":"luxwash-backend","timestamp":"2026-05-28T12:36:25.753Z"}
{"level":"info","message":"OPTIONS /api/invoices?page=1&limit=50","service":"luxwash-backend","timestamp":"2026-05-28T12:36:31.953Z"}
{"level":"info","message":"OPTIONS /api/invoices/analytics","service":"luxwash-backend","timestamp":"2026-05-28T12:36:31.956Z"}
{"level":"info","message":"OPTIONS /api/invoices?page=1&limit=50","service":"luxwash-backend","timestamp":"2026-05-28T12:36:31.957Z"}
{"level":"info","message":"OPTIONS /api/invoices/analytics","service":"luxwash-backend","timestamp":"2026-05-28T12:36:31.959Z"}
{"level":"info","message":"GET /api/invoices?page=1&limit=50","service":"luxwash-backend","timestamp":"2026-05-28T12:36:31.965Z"}
{"level":"info","message":"GET /api/invoices/analytics","service":"luxwash-backend","timestamp":"2026-05-28T12:36:31.968Z"}
{"level":"info","message":"GET /api/invoices?page=1&limit=50","service":"luxwash-backend","timestamp":"2026-05-28T12:36:32.242Z"}
{"level":"info","message":"GET /api/invoices/analytics","service":"luxwash-backend","timestamp":"2026-05-28T12:36:32.820Z"}
{"level":"info","message":"OPTIONS /api/auth/me","service":"luxwash-backend","timestamp":"2026-05-28T12:38:54.127Z"}
{"level":"info","message":"OPTIONS /api/auth/me","service":"luxwash-backend","timestamp":"2026-05-28T12:38:54.131Z"}
{"level":"info","message":"GET /api/auth/me","service":"luxwash-backend","timestamp":"2026-05-28T12:38:54.139Z"}
{"level":"info","message":"GET /api/auth/me","service":"luxwash-backend","timestamp":"2026-05-28T12:38:54.949Z"}
{"level":"info","message":"OPTIONS /api/auth/me","service":"luxwash-backend","timestamp":"2026-05-28T12:39:01.755Z"}
{"level":"info","message":"OPTIONS /api/auth/me","service":"luxwash-backend","timestamp":"2026-05-28T12:39:01.757Z"}
{"level":"info","message":"GET /api/auth/me","service":"luxwash-backend","timestamp":"2026-05-28T12:39:01.771Z"}
{"level":"info","message":"GET /api/auth/me","service":"luxwash-backend","timestamp":"2026-05-28T12:39:01.920Z"}
{"level":"info","message":"OPTIONS /api/orders?limit=5","service":"luxwash-backend","timestamp":"2026-05-28T12:39:01.939Z"}
{"level":"info","message":"OPTIONS /api/orders?limit=5","service":"luxwash-backend","timestamp":"2026-05-28T12:39:01.943Z"}
{"level":"info","message":"GET /api/orders?limit=5","service":"luxwash-backend","timestamp":"2026-05-28T12:39:01.948Z"}
{"level":"info","message":"GET /api/orders?limit=5","service":"luxwash-backend","timestamp":"2026-05-28T12:39:02.880Z"}
{"level":"info","message":"OPTIONS /api/orders","service":"luxwash-backend","timestamp":"2026-05-28T12:39:10.364Z"}
{"level":"info","message":"OPTIONS /api/orders","service":"luxwash-backend","timestamp":"2026-05-28T12:39:10.367Z"}
{"level":"info","message":"GET /api/orders","service":"luxwash-backend","timestamp":"2026-05-28T12:39:10.379Z"}
{"level":"info","message":"GET /api/orders","service":"luxwash-backend","timestamp":"2026-05-28T12:39:10.716Z"}
{"level":"info","message":"OPTIONS /api/orders?limit=5","service":"luxwash-backend","timestamp":"2026-05-28T12:39:11.572Z"}
{"level":"info","message":"OPTIONS /api/orders?limit=5","service":"luxwash-backend","timestamp":"2026-05-28T12:39:11.573Z"}
{"level":"info","message":"GET /api/orders?limit=5","service":"luxwash-backend","timestamp":"2026-05-28T12:39:11.580Z"}
{"level":"info","message":"GET /api/orders?limit=5","service":"luxwash-backend","timestamp":"2026-05-28T12:39:12.481Z"}
{"level":"info","message":"GET /api/orders","service":"luxwash-backend","timestamp":"2026-05-28T12:39:12.639Z"}
{"level":"info","message":"GET /api/orders","service":"luxwash-backend","timestamp":"2026-05-28T12:39:13.399Z"}
{"level":"info","message":"OPTIONS /api/invoices/customer/me","service":"luxwash-backend","timestamp":"2026-05-28T12:39:14.288Z"}
{"level":"info","message":"OPTIONS /api/invoices/customer/me","service":"luxwash-backend","timestamp":"2026-05-28T12:39:14.292Z"}
{"level":"info","message":"GET /api/invoices/customer/me","service":"luxwash-backend","timestamp":"2026-05-28T12:39:14.305Z"}
{"level":"info","message":"GET /api/invoices/customer/me","service":"luxwash-backend","timestamp":"2026-05-28T12:39:14.583Z"}
{"level":"info","message":"OPTIONS /api/auth/me","service":"luxwash-backend","timestamp":"2026-05-28T12:39:15.684Z"}
{"level":"info","message":"OPTIONS /api/auth/me","service":"luxwash-backend","timestamp":"2026-05-28T12:39:15.686Z"}
{"level":"info","message":"GET /api/auth/me","service":"luxwash-backend","timestamp":"2026-05-28T12:39:15.694Z"}
{"level":"info","message":"GET /api/auth/me","service":"luxwash-backend","timestamp":"2026-05-28T12:39:15.841Z"}
{"level":"info","message":"OPTIONS /api/dashboard/stats","service":"luxwash-backend","timestamp":"2026-05-28T12:39:24.296Z"}
{"level":"info","message":"OPTIONS /api/dashboard/stats","service":"luxwash-backend","timestamp":"2026-05-28T12:39:24.301Z"}
{"level":"info","message":"GET /api/dashboard/stats","service":"luxwash-backend","timestamp":"2026-05-28T12:39:24.303Z"}
{"level":"info","message":"GET /api/dashboard/stats","service":"luxwash-backend","timestamp":"2026-05-28T12:39:25.216Z"}
{"level":"info","message":"OPTIONS /api/invoices?page=1&limit=50","service":"luxwash-backend","timestamp":"2026-05-28T12:40:00.997Z"}
{"level":"info","message":"OPTIONS /api/invoices/analytics","service":"luxwash-backend","timestamp":"2026-05-28T12:40:00.999Z"}
{"level":"info","message":"OPTIONS /api/invoices?page=1&limit=50","service":"luxwash-backend","timestamp":"2026-05-28T12:40:01.010Z"}
{"level":"info","message":"OPTIONS /api/invoices/analytics","service":"luxwash-backend","timestamp":"2026-05-28T12:40:01.014Z"}
{"level":"info","message":"GET /api/invoices?page=1&limit=50","service":"luxwash-backend","timestamp":"2026-05-28T12:40:01.017Z"}
{"level":"info","message":"GET /api/invoices/analytics","service":"luxwash-backend","timestamp":"2026-05-28T12:40:01.033Z"}
{"level":"info","message":"GET /api/invoices?page=1&limit=50","service":"luxwash-backend","timestamp":"2026-05-28T12:40:01.967Z"}
{"level":"info","message":"GET /api/invoices/analytics","service":"luxwash-backend","timestamp":"2026-05-28T12:40:01.970Z"}
{"level":"info","message":"OPTIONS /api/content/settings","service":"luxwash-backend","timestamp":"2026-05-28T13:03:19.110Z"}
{"level":"info","message":"OPTIONS /api/content/settings","service":"luxwash-backend","timestamp":"2026-05-28T13:03:19.114Z"}
{"level":"info","message":"GET /api/content/settings","service":"luxwash-backend","timestamp":"2026-05-28T13:03:19.129Z"}
{"level":"info","message":"GET /api/content/settings","service":"luxwash-backend","timestamp":"2026-05-28T13:03:19.830Z"}
{"level":"info","message":"OPTIONS /api/contact","service":"luxwash-backend","timestamp":"2026-05-28T13:03:21.205Z"}
{"level":"info","message":"OPTIONS /api/contact","service":"luxwash-backend","timestamp":"2026-05-28T13:03:21.225Z"}
{"level":"info","message":"GET /api/contact","service":"luxwash-backend","timestamp":"2026-05-28T13:03:21.236Z"}
{"level":"info","message":"GET /api/contact","service":"luxwash-backend","timestamp":"2026-05-28T13:03:21.394Z"}
{"level":"info","message":"OPTIONS /api/content","service":"luxwash-backend","timestamp":"2026-05-28T13:03:22.546Z"}
{"level":"info","message":"OPTIONS /api/content","service":"luxwash-backend","timestamp":"2026-05-28T13:03:22.558Z"}
{"level":"info","message":"GET /api/content","service":"luxwash-backend","timestamp":"2026-05-28T13:03:22.569Z"}
{"level":"info","message":"GET /api/content","service":"luxwash-backend","timestamp":"2026-05-28T13:03:22.704Z"}
{"level":"info","message":"OPTIONS /api/whatsapp/logs","service":"luxwash-backend","timestamp":"2026-05-28T13:03:23.696Z"}
{"level":"info","message":"OPTIONS /api/whatsapp/logs","service":"luxwash-backend","timestamp":"2026-05-28T13:03:23.704Z"}
{"level":"info","message":"GET /api/whatsapp/logs","service":"luxwash-backend","timestamp":"2026-05-28T13:03:23.720Z"}
{"level":"info","message":"GET /api/whatsapp/logs","service":"luxwash-backend","timestamp":"2026-05-28T13:03:23.874Z"}
{"level":"info","message":"GET /api/services","service":"luxwash-backend","timestamp":"2026-05-28T13:03:25.116Z"}
{"level":"info","message":"GET /api/services","service":"luxwash-backend","timestamp":"2026-05-28T13:03:25.249Z"}
{"level":"info","message":"GET /api/whatsapp/logs","service":"luxwash-backend","timestamp":"2026-05-28T13:03:26.227Z"}
{"level":"info","message":"GET /api/whatsapp/logs","service":"luxwash-backend","timestamp":"2026-05-28T13:03:26.369Z"}
{"level":"info","message":"GET /api/services","service":"luxwash-backend","timestamp":"2026-05-28T13:03:30.021Z"}
{"level":"info","message":"GET /api/services","service":"luxwash-backend","timestamp":"2026-05-28T13:03:30.169Z"}
{"level":"info","message":"OPTIONS /api/customers","service":"luxwash-backend","timestamp":"2026-05-28T13:03:31.438Z"}
{"level":"info","message":"OPTIONS /api/customers","service":"luxwash-backend","timestamp":"2026-05-28T13:03:31.441Z"}
{"level":"info","message":"GET /api/customers","service":"luxwash-backend","timestamp":"2026-05-28T13:03:31.453Z"}
{"level":"info","message":"GET /api/customers","service":"luxwash-backend","timestamp":"2026-05-28T13:03:32.183Z"}
{"level":"info","message":"OPTIONS /api/dashboard/stats","service":"luxwash-backend","timestamp":"2026-05-28T13:03:59.914Z"}
{"level":"info","message":"OPTIONS /api/dashboard/stats","service":"luxwash-backend","timestamp":"2026-05-28T13:03:59.918Z"}
{"level":"info","message":"GET /api/dashboard/stats","service":"luxwash-backend","timestamp":"2026-05-28T13:03:59.923Z"}
{"level":"info","message":"GET /api/dashboard/stats","service":"luxwash-backend","timestamp":"2026-05-28T13:04:00.794Z"}
{"level":"info","message":"OPTIONS /api/invoices?page=1&limit=50","service":"luxwash-backend","timestamp":"2026-05-28T13:04:13.126Z"}
{"level":"info","message":"OPTIONS /api/invoices/analytics","service":"luxwash-backend","timestamp":"2026-05-28T13:04:13.131Z"}
{"level":"info","message":"OPTIONS /api/invoices?page=1&limit=50","service":"luxwash-backend","timestamp":"2026-05-28T13:04:13.136Z"}
{"level":"info","message":"OPTIONS /api/invoices/analytics","service":"luxwash-backend","timestamp":"2026-05-28T13:04:13.148Z"}
{"level":"info","message":"GET /api/invoices?page=1&limit=50","service":"luxwash-backend","timestamp":"2026-05-28T13:04:13.154Z"}
{"level":"info","message":"GET /api/invoices/analytics","service":"luxwash-backend","timestamp":"2026-05-28T13:04:13.161Z"}
{"level":"info","message":"GET /api/invoices?page=1&limit=50","service":"luxwash-backend","timestamp":"2026-05-28T13:04:14.004Z"}
{"level":"info","message":"GET /api/invoices/analytics","service":"luxwash-backend","timestamp":"2026-05-28T13:04:14.015Z"}
{"level":"info","message":"OPTIONS /api/dashboard/stats","service":"luxwash-backend","timestamp":"2026-05-28T13:04:17.086Z"}
{"level":"info","message":"OPTIONS /api/dashboard/stats","service":"luxwash-backend","timestamp":"2026-05-28T13:04:17.088Z"}
{"level":"info","message":"GET /api/dashboard/stats","service":"luxwash-backend","timestamp":"2026-05-28T13:04:17.099Z"}
{"level":"info","message":"GET /api/dashboard/stats","service":"luxwash-backend","timestamp":"2026-05-28T13:04:17.411Z"}
{"level":"info","message":"GET /api/services","service":"luxwash-backend","timestamp":"2026-05-28T13:04:19.716Z"}
{"level":"info","message":"GET /api/services","service":"luxwash-backend","timestamp":"2026-05-28T13:04:19.870Z"}
{"level":"info","message":"OPTIONS /api/auth/me","service":"luxwash-backend","timestamp":"2026-05-28T13:05:37.811Z"}
{"level":"info","message":"OPTIONS /api/auth/me","service":"luxwash-backend","timestamp":"2026-05-28T13:05:37.822Z"}
{"level":"info","message":"GET /api/auth/me","service":"luxwash-backend","timestamp":"2026-05-28T13:05:37.829Z"}
{"level":"info","message":"GET /api/auth/me","service":"luxwash-backend","timestamp":"2026-05-28T13:05:38.549Z"}
{"level":"info","message":"GET /api/auth/me","service":"luxwash-backend","timestamp":"2026-05-28T13:05:41.734Z"}
{"level":"info","message":"GET /api/auth/me","service":"luxwash-backend","timestamp":"2026-05-28T13:05:41.885Z"}
{"level":"info","message":"OPTIONS /api/orders?limit=5","service":"luxwash-backend","timestamp":"2026-05-28T13:05:41.931Z"}
{"level":"info","message":"OPTIONS /api/orders?limit=5","service":"luxwash-backend","timestamp":"2026-05-28T13:05:41.936Z"}
{"level":"info","message":"GET /api/orders?limit=5","service":"luxwash-backend","timestamp":"2026-05-28T13:05:41.945Z"}
{"level":"info","message":"GET /api/orders?limit=5","service":"luxwash-backend","timestamp":"2026-05-28T13:05:42.769Z"}
{"level":"info","message":"OPTIONS /api/orders","service":"luxwash-backend","timestamp":"2026-05-28T13:05:44.459Z"}
{"level":"info","message":"OPTIONS /api/orders","service":"luxwash-backend","timestamp":"2026-05-28T13:05:44.461Z"}
{"level":"info","message":"GET /api/orders","service":"luxwash-backend","timestamp":"2026-05-28T13:05:44.471Z"}
{"level":"info","message":"GET /api/orders","service":"luxwash-backend","timestamp":"2026-05-28T13:05:44.793Z"}
{"level":"info","message":"OPTIONS /api/invoices/customer/me","service":"luxwash-backend","timestamp":"2026-05-28T13:05:46.263Z"}
{"level":"info","message":"OPTIONS /api/invoices/customer/me","service":"luxwash-backend","timestamp":"2026-05-28T13:05:46.271Z"}
{"level":"info","message":"GET /api/invoices/customer/me","service":"luxwash-backend","timestamp":"2026-05-28T13:05:46.284Z"}
{"level":"info","message":"GET /api/invoices/customer/me","service":"luxwash-backend","timestamp":"2026-05-28T13:05:46.551Z"}
{"level":"info","message":"GET /api/orders","service":"luxwash-backend","timestamp":"2026-05-28T13:05:47.792Z"}
{"level":"info","message":"GET /api/orders","service":"luxwash-backend","timestamp":"2026-05-28T13:05:48.067Z"}
{"level":"info","message":"OPTIONS /api/orders?limit=5","service":"luxwash-backend","timestamp":"2026-05-28T13:05:49.561Z"}
{"level":"info","message":"OPTIONS /api/orders?limit=5","service":"luxwash-backend","timestamp":"2026-05-28T13:05:49.567Z"}
{"level":"info","message":"GET /api/orders?limit=5","service":"luxwash-backend","timestamp":"2026-05-28T13:05:49.573Z"}
{"level":"info","message":"GET /api/orders?limit=5","service":"luxwash-backend","timestamp":"2026-05-28T13:05:49.852Z"}
{"level":"info","message":"OPTIONS /api/orders","service":"luxwash-backend","timestamp":"2026-05-28T13:05:52.806Z"}
{"level":"info","message":"OPTIONS /api/orders","service":"luxwash-backend","timestamp":"2026-05-28T13:05:52.808Z"}
{"level":"info","message":"GET /api/orders","service":"luxwash-backend","timestamp":"2026-05-28T13:05:52.822Z"}
{"level":"info","message":"GET /api/orders","service":"luxwash-backend","timestamp":"2026-05-28T13:05:53.139Z"}
{"level":"info","message":"OPTIONS /api/auth/me","service":"luxwash-backend","timestamp":"2026-05-28T13:05:59.669Z"}
{"level":"info","message":"GET /api/auth/me","service":"luxwash-backend","timestamp":"2026-05-28T13:05:59.678Z"}
{"level":"info","message":"OPTIONS /api/orders","service":"luxwash-backend","timestamp":"2026-05-28T13:05:59.860Z"}
{"level":"info","message":"OPTIONS /api/orders","service":"luxwash-backend","timestamp":"2026-05-28T13:05:59.865Z"}
{"level":"info","message":"GET /api/orders","service":"luxwash-backend","timestamp":"2026-05-28T13:05:59.869Z"}
{"level":"info","message":"GET /api/orders","service":"luxwash-backend","timestamp":"2026-05-28T13:06:00.165Z"}
{"level":"info","message":"OPTIONS /api/auth/me","service":"luxwash-backend","timestamp":"2026-05-28T13:06:19.040Z"}
{"level":"info","message":"OPTIONS /api/auth/me","service":"luxwash-backend","timestamp":"2026-05-28T13:06:19.047Z"}
{"level":"info","message":"GET /api/auth/me","service":"luxwash-backend","timestamp":"2026-05-28T13:06:19.051Z"}
{"level":"info","message":"GET /api/auth/me","service":"luxwash-backend","timestamp":"2026-05-28T13:06:19.737Z"}
{"level":"info","message":"OPTIONS /api/orders?limit=5","service":"luxwash-backend","timestamp":"2026-05-28T13:06:19.756Z"}
{"level":"info","message":"OPTIONS /api/orders?limit=5","service":"luxwash-backend","timestamp":"2026-05-28T13:06:19.760Z"}
{"level":"info","message":"GET /api/orders?limit=5","service":"luxwash-backend","timestamp":"2026-05-28T13:06:19.764Z"}
{"level":"info","message":"GET /api/orders?limit=5","service":"luxwash-backend","timestamp":"2026-05-28T13:06:20.617Z"}
{"level":"info","message":"OPTIONS /api/invoices/customer/me","service":"luxwash-backend","timestamp":"2026-05-28T13:06:25.219Z"}
{"level":"info","message":"OPTIONS /api/invoices/customer/me","service":"luxwash-backend","timestamp":"2026-05-28T13:06:25.221Z"}
{"level":"info","message":"GET /api/invoices/customer/me","service":"luxwash-backend","timestamp":"2026-05-28T13:06:25.232Z"}
{"level":"info","message":"GET /api/invoices/customer/me","service":"luxwash-backend","timestamp":"2026-05-28T13:06:25.515Z"}
{"level":"info","message":"OPTIONS /api/auth/me","service":"luxwash-backend","timestamp":"2026-05-28T13:06:26.678Z"}
{"level":"info","message":"OPTIONS /api/auth/me","service":"luxwash-backend","timestamp":"2026-05-28T13:06:26.683Z"}
{"level":"info","message":"GET /api/auth/me","service":"luxwash-backend","timestamp":"2026-05-28T13:06:26.707Z"}
{"level":"info","message":"GET /api/auth/me","service":"luxwash-backend","timestamp":"2026-05-28T13:06:26.855Z"}
{"level":"info","message":"OPTIONS /api/dashboard/stats","service":"luxwash-backend","timestamp":"2026-05-28T13:06:38.347Z"}
{"level":"info","message":"OPTIONS /api/dashboard/stats","service":"luxwash-backend","timestamp":"2026-05-28T13:06:38.352Z"}
{"level":"info","message":"GET /api/dashboard/stats","service":"luxwash-backend","timestamp":"2026-05-28T13:06:38.357Z"}
{"level":"info","message":"GET /api/dashboard/stats","service":"luxwash-backend","timestamp":"2026-05-28T13:06:39.211Z"}
{"level":"info","message":"OPTIONS /api/contact","service":"luxwash-backend","timestamp":"2026-05-28T13:06:41.556Z"}
{"level":"info","message":"OPTIONS /api/contact","service":"luxwash-backend","timestamp":"2026-05-28T13:06:41.558Z"}
{"level":"info","message":"GET /api/contact","service":"luxwash-backend","timestamp":"2026-05-28T13:06:41.564Z"}
{"level":"info","message":"GET /api/contact","service":"luxwash-backend","timestamp":"2026-05-28T13:06:41.695Z"}
{"level":"info","message":"OPTIONS /api/content","service":"luxwash-backend","timestamp":"2026-05-28T13:07:07.605Z"}
{"level":"info","message":"OPTIONS /api/content","service":"luxwash-backend","timestamp":"2026-05-28T13:07:07.616Z"}
{"level":"info","message":"GET /api/content","service":"luxwash-backend","timestamp":"2026-05-28T13:07:07.625Z"}
{"level":"info","message":"GET /api/content","service":"luxwash-backend","timestamp":"2026-05-28T13:07:08.386Z"}
{"level":"info","message":"OPTIONS /api/whatsapp/logs","service":"luxwash-backend","timestamp":"2026-05-28T13:07:57.032Z"}
{"level":"info","message":"OPTIONS /api/whatsapp/logs","service":"luxwash-backend","timestamp":"2026-05-28T13:07:57.037Z"}
{"level":"info","message":"GET /api/whatsapp/logs","service":"luxwash-backend","timestamp":"2026-05-28T13:07:57.052Z"}
{"level":"info","message":"GET /api/whatsapp/logs","service":"luxwash-backend","timestamp":"2026-05-28T13:07:57.777Z"}
{"level":"info","message":"GET /api/services","service":"luxwash-backend","timestamp":"2026-05-28T13:08:54.967Z"}
{"level":"info","message":"GET /api/services","service":"luxwash-backend","timestamp":"2026-05-28T13:08:55.678Z"}
{"level":"info","message":"OPTIONS /api/customers","service":"luxwash-backend","timestamp":"2026-05-28T13:08:57.026Z"}
{"level":"info","message":"OPTIONS /api/customers","service":"luxwash-backend","timestamp":"2026-05-28T13:08:57.030Z"}
{"level":"info","message":"GET /api/customers","service":"luxwash-backend","timestamp":"2026-05-28T13:08:57.050Z"}
{"level":"info","message":"GET /api/customers","service":"luxwash-backend","timestamp":"2026-05-28T13:08:57.785Z"}
{"level":"info","message":"OPTIONS /api/subscriptions","service":"luxwash-backend","timestamp":"2026-05-28T13:08:59.496Z"}
{"level":"info","message":"OPTIONS /api/subscriptions","service":"luxwash-backend","timestamp":"2026-05-28T13:08:59.498Z"}
{"level":"info","message":"GET /api/subscriptions","service":"luxwash-backend","timestamp":"2026-05-28T13:08:59.514Z"}
{"level":"info","message":"GET /api/subscriptions","service":"luxwash-backend","timestamp":"2026-05-28T13:08:59.810Z"}
{"level":"info","message":"GET /api/customers","service":"luxwash-backend","timestamp":"2026-05-28T13:09:00.785Z"}
{"level":"info","message":"GET /api/customers","service":"luxwash-backend","timestamp":"2026-05-28T13:09:00.934Z"}
{"level":"info","message":"GET /api/services","service":"luxwash-backend","timestamp":"2026-05-28T13:09:09.158Z"}
{"level":"info","message":"GET /api/services","service":"luxwash-backend","timestamp":"2026-05-28T13:09:09.300Z"}
{"level":"info","message":"OPTIONS /api/customers","service":"luxwash-backend","timestamp":"2026-05-28T13:09:10.577Z"}
{"level":"info","message":"OPTIONS /api/customers","service":"luxwash-backend","timestamp":"2026-05-28T13:09:10.585Z"}
{"level":"info","message":"GET /api/customers","service":"luxwash-backend","timestamp":"2026-05-28T13:09:10.598Z"}
{"level":"info","message":"GET /api/customers","service":"luxwash-backend","timestamp":"2026-05-28T13:09:10.757Z"}
{"level":"info","message":"GET /api/services","service":"luxwash-backend","timestamp":"2026-05-28T13:09:27.094Z"}
{"level":"info","message":"GET /api/services","service":"luxwash-backend","timestamp":"2026-05-28T13:09:27.801Z"}
{"level":"info","message":"OPTIONS /api/whatsapp/logs","service":"luxwash-backend","timestamp":"2026-05-28T13:09:28.778Z"}
{"level":"info","message":"OPTIONS /api/whatsapp/logs","service":"luxwash-backend","timestamp":"2026-05-28T13:09:28.780Z"}
{"level":"info","message":"GET /api/whatsapp/logs","service":"luxwash-backend","timestamp":"2026-05-28T13:09:28.787Z"}
{"level":"info","message":"GET /api/whatsapp/logs","service":"luxwash-backend","timestamp":"2026-05-28T13:09:28.922Z"}
{"level":"info","message":"OPTIONS /api/content","service":"luxwash-backend","timestamp":"2026-05-28T13:09:30.834Z"}
{"level":"info","message":"OPTIONS /api/content","service":"luxwash-backend","timestamp":"2026-05-28T13:09:30.837Z"}
{"level":"info","message":"GET /api/content","service":"luxwash-backend","timestamp":"2026-05-28T13:09:30.848Z"}
{"level":"info","message":"GET /api/content","service":"luxwash-backend","timestamp":"2026-05-28T13:09:30.987Z"}
{"level":"info","message":"OPTIONS /api/contact","service":"luxwash-backend","timestamp":"2026-05-28T13:09:31.728Z"}
{"level":"info","message":"OPTIONS /api/contact","service":"luxwash-backend","timestamp":"2026-05-28T13:09:31.731Z"}
{"level":"info","message":"GET /api/contact","service":"luxwash-backend","timestamp":"2026-05-28T13:09:31.738Z"}
{"level":"info","message":"GET /api/contact","service":"luxwash-backend","timestamp":"2026-05-28T13:09:31.872Z"}
{"level":"info","message":"OPTIONS /api/orders","service":"luxwash-backend","timestamp":"2026-05-28T13:09:33.131Z"}
{"level":"info","message":"OPTIONS /api/customers","service":"luxwash-backend","timestamp":"2026-05-28T13:09:33.133Z"}
{"level":"info","message":"GET /api/services","service":"luxwash-backend","timestamp":"2026-05-28T13:09:33.138Z"}
{"level":"info","message":"OPTIONS /api/orders","service":"luxwash-backend","timestamp":"2026-05-28T13:09:33.149Z"}
{"level":"info","message":"OPTIONS /api/customers","service":"luxwash-backend","timestamp":"2026-05-28T13:09:33.152Z"}
{"level":"info","message":"GET /api/orders","service":"luxwash-backend","timestamp":"2026-05-28T13:09:33.167Z"}
{"level":"info","message":"GET /api/customers","service":"luxwash-backend","timestamp":"2026-05-28T13:09:33.176Z"}
{"level":"info","message":"GET /api/services","service":"luxwash-backend","timestamp":"2026-05-28T13:09:33.282Z"}
{"level":"info","message":"GET /api/customers","service":"luxwash-backend","timestamp":"2026-05-28T13:09:33.887Z"}
{"level":"info","message":"GET /api/orders","service":"luxwash-backend","timestamp":"2026-05-28T13:09:34.028Z"}
{"level":"info","message":"OPTIONS /api/dashboard/stats","service":"luxwash-backend","timestamp":"2026-05-28T13:09:35.284Z"}
{"level":"info","message":"OPTIONS /api/dashboard/stats","service":"luxwash-backend","timestamp":"2026-05-28T13:09:35.286Z"}
{"level":"info","message":"GET /api/dashboard/stats","service":"luxwash-backend","timestamp":"2026-05-28T13:09:35.299Z"}
{"level":"info","message":"GET /api/dashboard/stats","service":"luxwash-backend","timestamp":"2026-05-28T13:09:36.095Z"}
{"level":"info","message":"GET /api/orders","service":"luxwash-backend","timestamp":"2026-05-28T13:09:36.520Z"}
{"level":"info","message":"GET /api/services","service":"luxwash-backend","timestamp":"2026-05-28T13:09:36.524Z"}
{"level":"info","message":"GET /api/customers","service":"luxwash-backend","timestamp":"2026-05-28T13:09:36.528Z"}
{"level":"info","message":"GET /api/customers","service":"luxwash-backend","timestamp":"2026-05-28T13:09:36.680Z"}
{"level":"info","message":"GET /api/services","service":"luxwash-backend","timestamp":"2026-05-28T13:09:36.684Z"}
{"level":"info","message":"GET /api/orders","service":"luxwash-backend","timestamp":"2026-05-28T13:09:36.806Z"}
{"level":"info","message":"OPTIONS /api/orders/cmpph7qno000174ug9refw3iw","service":"luxwash-backend","timestamp":"2026-05-28T13:09:39.600Z"}
{"level":"info","message":"PATCH /api/orders/cmpph7qno000174ug9refw3iw","service":"luxwash-backend","timestamp":"2026-05-28T13:09:39.609Z"}
{"level":"info","message":"OPTIONS /api/orders/cmpph6hq00001h4ugk5fldo9b","service":"luxwash-backend","timestamp":"2026-05-28T13:09:43.027Z"}
{"level":"info","message":"PATCH /api/orders/cmpph6hq00001h4ugk5fldo9b","service":"luxwash-backend","timestamp":"2026-05-28T13:09:43.035Z"}
{"level":"info","message":"OPTIONS /api/orders/cmpph5mw3000224ugojwx3a15","service":"luxwash-backend","timestamp":"2026-05-28T13:09:45.348Z"}
{"level":"info","message":"PATCH /api/orders/cmpph5mw3000224ugojwx3a15","service":"luxwash-backend","timestamp":"2026-05-28T13:09:45.355Z"}
{"level":"info","message":"OPTIONS /api/orders/cmpph7qno000174ug9refw3iw","service":"luxwash-backend","timestamp":"2026-05-28T13:09:52.015Z"}
{"level":"info","message":"PATCH /api/orders/cmpph7qno000174ug9refw3iw","service":"luxwash-backend","timestamp":"2026-05-28T13:09:52.022Z"}
{"level":"info","message":"OPTIONS /api/orders/cmpph5mw3000224ugojwx3a15","service":"luxwash-backend","timestamp":"2026-05-28T13:10:01.460Z"}
{"level":"info","message":"PATCH /api/orders/cmpph5mw3000224ugojwx3a15","service":"luxwash-backend","timestamp":"2026-05-28T13:10:01.464Z"}
{"level":"info","message":"GET /api/content","service":"luxwash-backend","timestamp":"2026-05-28T13:10:34.414Z"}
{"level":"info","message":"GET /api/services","service":"luxwash-backend","timestamp":"2026-05-28T13:10:34.514Z"}
{"level":"info","message":"GET /api/services","service":"luxwash-backend","timestamp":"2026-05-28T13:10:35.370Z"}
{"level":"info","message":"GET /api/content","service":"luxwash-backend","timestamp":"2026-05-28T13:10:35.475Z"}
{"level":"info","message":"OPTIONS /api/orders","service":"luxwash-backend","timestamp":"2026-05-28T13:10:35.624Z"}
{"level":"info","message":"GET /api/services","service":"luxwash-backend","timestamp":"2026-05-28T13:10:35.627Z"}
{"level":"info","message":"OPTIONS /api/customers","service":"luxwash-backend","timestamp":"2026-05-28T13:10:35.630Z"}
{"level":"info","message":"GET /api/orders","service":"luxwash-backend","timestamp":"2026-05-28T13:10:35.633Z"}
{"level":"info","message":"GET /api/customers","service":"luxwash-backend","timestamp":"2026-05-28T13:10:35.638Z"}
{"level":"info","message":"GET /api/services","service":"luxwash-backend","timestamp":"2026-05-28T13:10:35.774Z"}
{"level":"info","message":"GET /api/customers","service":"luxwash-backend","timestamp":"2026-05-28T13:10:36.326Z"}
{"level":"info","message":"GET /api/orders","service":"luxwash-backend","timestamp":"2026-05-28T13:10:36.467Z"}
{"level":"info","message":"OPTIONS /api/contact","service":"luxwash-backend","timestamp":"2026-05-28T13:10:45.820Z"}
{"level":"info","message":"OPTIONS /api/contact","service":"luxwash-backend","timestamp":"2026-05-28T13:10:45.829Z"}
{"level":"info","message":"GET /api/contact","service":"luxwash-backend","timestamp":"2026-05-28T13:10:45.844Z"}
{"level":"info","message":"GET /api/contact","service":"luxwash-backend","timestamp":"2026-05-28T13:10:45.995Z"}
{"level":"info","message":"OPTIONS /api/content","service":"luxwash-backend","timestamp":"2026-05-28T13:10:47.442Z"}
{"level":"info","message":"OPTIONS /api/content","service":"luxwash-backend","timestamp":"2026-05-28T13:10:47.445Z"}
{"level":"info","message":"GET /api/content","service":"luxwash-backend","timestamp":"2026-05-28T13:10:47.460Z"}
{"level":"info","message":"GET /api/content","service":"luxwash-backend","timestamp":"2026-05-28T13:10:47.607Z"}
{"level":"info","message":"OPTIONS /api/whatsapp/logs","service":"luxwash-backend","timestamp":"2026-05-28T13:10:50.899Z"}
{"level":"info","message":"OPTIONS /api/whatsapp/logs","service":"luxwash-backend","timestamp":"2026-05-28T13:10:50.901Z"}
{"level":"info","message":"GET /api/whatsapp/logs","service":"luxwash-backend","timestamp":"2026-05-28T13:10:50.914Z"}
{"level":"info","message":"GET /api/whatsapp/logs","service":"luxwash-backend","timestamp":"2026-05-28T13:10:51.182Z"}
{"level":"info","message":"GET /api/content","service":"luxwash-backend","timestamp":"2026-05-28T13:40:07.645Z"}
{"level":"info","message":"OPTIONS /api/dashboard/stats","service":"luxwash-backend","timestamp":"2026-05-28T13:40:07.750Z"}
{"level":"info","message":"GET /api/dashboard/stats","service":"luxwash-backend","timestamp":"2026-05-28T13:40:07.754Z"}
{"level":"info","message":"GET /api/dashboard/stats","service":"luxwash-backend","timestamp":"2026-05-28T13:40:08.597Z"}
{"level":"info","message":"GET /api/content","service":"luxwash-backend","timestamp":"2026-05-28T13:42:19.096Z"}
{"level":"info","message":"OPTIONS /api/dashboard/stats","service":"luxwash-backend","timestamp":"2026-05-28T13:42:19.217Z"}
{"level":"info","message":"OPTIONS /api/dashboard/stats","service":"luxwash-backend","timestamp":"2026-05-28T13:42:19.220Z"}
{"level":"info","message":"GET /api/dashboard/stats","service":"luxwash-backend","timestamp":"2026-05-28T13:42:19.223Z"}
{"level":"info","message":"GET /api/dashboard/stats","service":"luxwash-backend","timestamp":"2026-05-28T13:42:20.058Z"}
{"level":"info","message":"OPTIONS /api/orders","service":"luxwash-backend","timestamp":"2026-05-28T13:42:22.250Z"}
{"level":"info","message":"OPTIONS /api/customers","service":"luxwash-backend","timestamp":"2026-05-28T13:42:22.253Z"}
{"level":"info","message":"GET /api/services","service":"luxwash-backend","timestamp":"2026-05-28T13:42:22.255Z"}
{"level":"info","message":"OPTIONS /api/orders","service":"luxwash-backend","timestamp":"2026-05-28T13:42:22.262Z"}
{"level":"info","message":"OPTIONS /api/customers","service":"luxwash-backend","timestamp":"2026-05-28T13:42:22.270Z"}
{"level":"info","message":"GET /api/orders","service":"luxwash-backend","timestamp":"2026-05-28T13:42:22.276Z"}
{"level":"info","message":"GET /api/customers","service":"luxwash-backend","timestamp":"2026-05-28T13:42:22.281Z"}
{"level":"info","message":"GET /api/services","service":"luxwash-backend","timestamp":"2026-05-28T13:42:22.394Z"}
{"level":"info","message":"GET /api/customers","service":"luxwash-backend","timestamp":"2026-05-28T13:42:22.432Z"}
{"level":"info","message":"GET /api/orders","service":"luxwash-backend","timestamp":"2026-05-28T13:42:22.576Z"}
{"level":"info","message":"OPTIONS /api/invoices?page=1&limit=50","service":"luxwash-backend","timestamp":"2026-05-28T13:42:25.694Z"}
{"level":"info","message":"OPTIONS /api/invoices/analytics","service":"luxwash-backend","timestamp":"2026-05-28T13:42:25.698Z"}
{"level":"info","message":"OPTIONS /api/invoices?page=1&limit=50","service":"luxwash-backend","timestamp":"2026-05-28T13:42:25.701Z"}
{"level":"info","message":"OPTIONS /api/invoices/analytics","service":"luxwash-backend","timestamp":"2026-05-28T13:42:25.711Z"}
{"level":"info","message":"GET /api/invoices?page=1&limit=50","service":"luxwash-backend","timestamp":"2026-05-28T13:42:25.715Z"}
{"level":"info","message":"GET /api/invoices/analytics","service":"luxwash-backend","timestamp":"2026-05-28T13:42:25.726Z"}
{"level":"info","message":"GET /api/invoices/analytics","service":"luxwash-backend","timestamp":"2026-05-28T13:42:26.091Z"}
{"level":"info","message":"GET /api/invoices?page=1&limit=50","service":"luxwash-backend","timestamp":"2026-05-28T13:42:26.648Z"}
{"level":"info","message":"OPTIONS /api/subscriptions","service":"luxwash-backend","timestamp":"2026-05-28T13:42:28.266Z"}
{"level":"info","message":"OPTIONS /api/subscriptions","service":"luxwash-backend","timestamp":"2026-05-28T13:42:28.268Z"}
{"level":"info","message":"GET /api/subscriptions","service":"luxwash-backend","timestamp":"2026-05-28T13:42:28.282Z"}
{"level":"info","message":"GET /api/subscriptions","service":"luxwash-backend","timestamp":"2026-05-28T13:42:28.585Z"}
{"level":"info","message":"OPTIONS /api/customers","service":"luxwash-backend","timestamp":"2026-05-28T13:42:31.200Z"}
{"level":"info","message":"OPTIONS /api/customers","service":"luxwash-backend","timestamp":"2026-05-28T13:42:31.206Z"}
{"level":"info","message":"GET /api/customers","service":"luxwash-backend","timestamp":"2026-05-28T13:42:31.225Z"}
{"level":"info","message":"GET /api/customers","service":"luxwash-backend","timestamp":"2026-05-28T13:42:31.421Z"}
{"level":"info","message":"GET /api/services","service":"luxwash-backend","timestamp":"2026-05-28T13:42:32.747Z"}
{"level":"info","message":"GET /api/services","service":"luxwash-backend","timestamp":"2026-05-28T13:42:32.885Z"}
{"level":"info","message":"OPTIONS /api/whatsapp/logs","service":"luxwash-backend","timestamp":"2026-05-28T13:42:34.184Z"}
{"level":"info","message":"OPTIONS /api/whatsapp/logs","service":"luxwash-backend","timestamp":"2026-05-28T13:42:34.185Z"}
{"level":"info","message":"GET /api/whatsapp/logs","service":"luxwash-backend","timestamp":"2026-05-28T13:42:34.199Z"}
{"level":"info","message":"GET /api/whatsapp/logs","service":"luxwash-backend","timestamp":"2026-05-28T13:42:34.450Z"}
{"level":"info","message":"OPTIONS /api/content","service":"luxwash-backend","timestamp":"2026-05-28T13:42:35.329Z"}
{"level":"info","message":"OPTIONS /api/content","service":"luxwash-backend","timestamp":"2026-05-28T13:42:35.333Z"}
{"level":"info","message":"GET /api/content","service":"luxwash-backend","timestamp":"2026-05-28T13:42:35.340Z"}
{"level":"info","message":"GET /api/content","service":"luxwash-backend","timestamp":"2026-05-28T13:42:35.484Z"}
{"level":"info","message":"OPTIONS /api/contact","service":"luxwash-backend","timestamp":"2026-05-28T13:42:36.478Z"}
{"level":"info","message":"OPTIONS /api/contact","service":"luxwash-backend","timestamp":"2026-05-28T13:42:36.480Z"}
{"level":"info","message":"GET /api/contact","service":"luxwash-backend","timestamp":"2026-05-28T13:42:36.501Z"}
{"level":"info","message":"GET /api/contact","service":"luxwash-backend","timestamp":"2026-05-28T13:42:36.698Z"}
{"level":"info","message":"OPTIONS /api/content/settings","service":"luxwash-backend","timestamp":"2026-05-28T13:42:37.882Z"}
{"level":"info","message":"OPTIONS /api/content/settings","service":"luxwash-backend","timestamp":"2026-05-28T13:42:37.887Z"}
{"level":"info","message":"GET /api/content/settings","service":"luxwash-backend","timestamp":"2026-05-28T13:42:37.897Z"}
{"level":"info","message":"GET /api/content/settings","service":"luxwash-backend","timestamp":"2026-05-28T13:42:38.042Z"}
{"level":"info","message":"GET /api/content","service":"luxwash-backend","timestamp":"2026-05-28T13:42:47.833Z"}
{"level":"info","message":"OPTIONS /api/auth/me","service":"luxwash-backend","timestamp":"2026-05-28T13:42:51.212Z"}
{"level":"info","message":"OPTIONS /api/auth/me","service":"luxwash-backend","timestamp":"2026-05-28T13:42:51.217Z"}
{"level":"info","message":"GET /api/auth/me","service":"luxwash-backend","timestamp":"2026-05-28T13:42:51.227Z"}
{"level":"info","message":"GET /api/auth/me","service":"luxwash-backend","timestamp":"2026-05-28T13:42:51.369Z"}
{"level":"info","message":"OPTIONS /api/orders?limit=5","service":"luxwash-backend","timestamp":"2026-05-28T13:42:51.415Z"}
{"level":"info","message":"OPTIONS /api/orders?limit=5","service":"luxwash-backend","timestamp":"2026-05-28T13:42:51.420Z"}
{"level":"info","message":"GET /api/orders?limit=5","service":"luxwash-backend","timestamp":"2026-05-28T13:42:51.428Z"}
{"level":"info","message":"GET /api/orders?limit=5","service":"luxwash-backend","timestamp":"2026-05-28T13:42:52.992Z"}
{"level":"info","message":"OPTIONS /api/orders","service":"luxwash-backend","timestamp":"2026-05-28T13:42:54.203Z"}
{"level":"info","message":"OPTIONS /api/orders","service":"luxwash-backend","timestamp":"2026-05-28T13:42:54.205Z"}
{"level":"info","message":"GET /api/orders","service":"luxwash-backend","timestamp":"2026-05-28T13:42:54.219Z"}
{"level":"info","message":"GET /api/orders","service":"luxwash-backend","timestamp":"2026-05-28T13:42:54.620Z"}
{"level":"info","message":"OPTIONS /api/invoices/customer/me","service":"luxwash-backend","timestamp":"2026-05-28T13:42:55.424Z"}
{"level":"info","message":"OPTIONS /api/invoices/customer/me","service":"luxwash-backend","timestamp":"2026-05-28T13:42:55.427Z"}
{"level":"info","message":"GET /api/invoices/customer/me","service":"luxwash-backend","timestamp":"2026-05-28T13:42:55.435Z"}
{"level":"info","message":"GET /api/invoices/customer/me","service":"luxwash-backend","timestamp":"2026-05-28T13:42:55.739Z"}
{"level":"info","message":"GET /api/health","service":"luxwash-backend","timestamp":"2026-05-28T15:05:30.764Z"}
{"level":"info","message":"GET /api/health","service":"luxwash-backend","timestamp":"2026-05-28T15:22:57.838Z"}
{"level":"info","message":"GET /api/services","service":"luxwash-backend","timestamp":"2026-05-28T15:22:58.023Z"}
{"level":"info","message":"POST /api/auth/login","service":"luxwash-backend","timestamp":"2026-05-28T15:22:59.444Z"}
{"level":"info","message":"POST /api/auth/login","service":"luxwash-backend","timestamp":"2026-05-28T15:22:59.638Z"}
{"level":"info","message":"POST /api/auth/login","service":"luxwash-backend","timestamp":"2026-05-28T15:24:23.237Z"}
{"level":"info","message":"GET /api/services","service":"luxwash-backend","timestamp":"2026-05-28T15:24:24.172Z"}
{"level":"info","message":"GET /api/dashboard/stats","service":"luxwash-backend","timestamp":"2026-05-28T15:24:24.330Z"}
{"level":"info","message":"GET /api/content","service":"luxwash-backend","timestamp":"2026-05-28T15:24:25.183Z"}
{"level":"info","message":"GET /api/shop-products","service":"luxwash-backend","timestamp":"2026-05-28T15:24:25.317Z"}
{"level":"info","message":"POST /api/auth/login","service":"luxwash-backend","timestamp":"2026-05-28T15:25:38.843Z"}
{"level":"info","message":"GET /api/services","service":"luxwash-backend","timestamp":"2026-05-28T15:25:41.127Z"}
{"level":"info","message":"POST /api/orders","service":"luxwash-backend","timestamp":"2026-05-28T15:25:41.502Z"}
{"level":"info","message":"POST /api/contact","service":"luxwash-backend","timestamp":"2026-05-28T15:25:49.090Z"}
{"level":"info","message":"GET /api/health","service":"luxwash-backend","timestamp":"2026-05-28T15:33:53.848Z"}
{"level":"info","message":"GET /api/health","service":"luxwash-backend","timestamp":"2026-05-28T15:33:53.986Z"}
{"level":"info","message":"GET /favicon.ico","service":"luxwash-backend","timestamp":"2026-05-28T15:33:54.733Z"}
{"level":"info","message":"GET /","service":"luxwash-backend","timestamp":"2026-05-28T15:34:00.942Z"}
{"level":"info","message":"GET /api/auth/register","service":"luxwash-backend","timestamp":"2026-05-28T16:24:53.833Z"}
{"level":"info","message":"GET /favicon.ico","service":"luxwash-backend","timestamp":"2026-05-28T16:24:54.022Z"}
{"level":"info","message":"GET /api/health","service":"luxwash-backend","timestamp":"2026-05-28T16:29:11.089Z"}
{"level":"info","message":"GET /","service":"luxwash-backend","timestamp":"2026-05-28T16:34:00.282Z"}
{"level":"info","message":"GET /","service":"luxwash-backend","timestamp":"2026-05-28T16:34:17.041Z"}
{"level":"info","message":"POST /api/auth/login","service":"luxwash-backend","timestamp":"2026-05-29T03:59:35.523Z"}
{"level":"info","message":"GET /api/services","service":"luxwash-backend","timestamp":"2026-05-29T03:59:37.523Z"}
{"level":"info","message":"POST /api/auth/register","service":"luxwash-backend","timestamp":"2026-05-29T03:59:37.765Z"}
{"level":"info","message":"POST /api/orders","service":"luxwash-backend","timestamp":"2026-05-29T03:59:40.351Z"}
{"level":"info","message":"GET /api/orders","service":"luxwash-backend","timestamp":"2026-05-29T03:59:51.255Z"}
{"level":"info","message":"PATCH /api/orders/cmpqe82we000158ug53shw7lf","service":"luxwash-backend","timestamp":"2026-05-29T03:59:52.307Z"}
{"level":"info","message":"GET /api/health","service":"luxwash-backend","timestamp":"2026-05-29T06:35:44.172Z"}
{"level":"info","message":"POST /api/auth/login","service":"luxwash-backend","timestamp":"2026-05-29T06:35:45.052Z"}
{"level":"info","message":"GET /api/auth/me","service":"luxwash-backend","timestamp":"2026-05-29T06:35:52.471Z"}
{"level":"info","message":"GET /api/dashboard/stats","service":"luxwash-backend","timestamp":"2026-05-29T06:35:52.835Z"}
{"level":"info","message":"POST /api/auth/register","service":"luxwash-backend","timestamp":"2026-05-29T06:35:54.146Z"}
{"level":"info","message":"POST /api/auth/register","service":"luxwash-backend","timestamp":"2026-05-29T06:35:54.710Z"}
{"level":"info","message":"POST /api/auth/login","service":"luxwash-backend","timestamp":"2026-05-29T06:35:54.871Z"}
{"level":"info","message":"GET /api/auth/me","service":"luxwash-backend","timestamp":"2026-05-29T06:35:55.217Z"}
{"level":"info","message":"GET /api/dashboard/stats","service":"luxwash-backend","timestamp":"2026-05-29T06:35:55.545Z"}
{"level":"info","message":"GET /api/customers","service":"luxwash-backend","timestamp":"2026-05-29T06:35:55.709Z"}
{"level":"info","message":"DELETE /api/customers/cmpqjszs10000icugvstsncol","service":"luxwash-backend","timestamp":"2026-05-29T06:35:56.630Z"}
{"level":"info","message":"GET /api/content","service":"luxwash-backend","timestamp":"2026-05-29T06:39:05.346Z"}
{"level":"info","message":"GET /api/health","service":"luxwash-backend","timestamp":"2026-05-29T12:03:09.273Z"}
{"level":"info","message":"POST /api/auth/login","service":"luxwash-backend","timestamp":"2026-05-29T13:06:57.445Z"}
{"level":"info","message":"GET /api/services","service":"luxwash-backend","timestamp":"2026-05-29T13:06:59.532Z"}
{"level":"info","message":"POST /api/auth/register","service":"luxwash-backend","timestamp":"2026-05-29T13:06:59.742Z"}
{"level":"info","message":"POST /api/orders","service":"luxwash-backend","timestamp":"2026-05-29T13:07:00.484Z"}
{"level":"info","message":"GET /api/orders","service":"luxwash-backend","timestamp":"2026-05-29T13:07:04.726Z"}
{"level":"info","message":"PATCH /api/orders/cmpqxryll0001nsugkh2s6mk5","service":"luxwash-backend","timestamp":"2026-05-29T13:07:05.723Z"}
{"level":"info","message":"POST /api/auth/login","service":"luxwash-backend","timestamp":"2026-05-29T13:15:10.270Z"}
{"level":"info","message":"GET /api/services","service":"luxwash-backend","timestamp":"2026-05-29T13:15:11.556Z"}
{"level":"info","message":"POST /api/packages","service":"luxwash-backend","timestamp":"2026-05-29T13:15:11.820Z"}
{"level":"info","message":"POST /api/auth/register","service":"luxwash-backend","timestamp":"2026-05-29T13:15:12.150Z"}
{"level":"info","message":"GET /api/auth/me","service":"luxwash-backend","timestamp":"2026-05-29T13:15:12.548Z"}
{"level":"info","message":"POST /api/wallet/admin/adjust","service":"luxwash-backend","timestamp":"2026-05-29T13:15:12.828Z"}
{"level":"info","message":"GET /api/wallet/me","service":"luxwash-backend","timestamp":"2026-05-29T13:15:12.972Z"}
{"level":"info","message":"POST /api/auth/login","service":"luxwash-backend","timestamp":"2026-05-29T13:15:56.942Z"}
{"level":"info","message":"GET /api/services","service":"luxwash-backend","timestamp":"2026-05-29T13:15:58.144Z"}
{"level":"info","message":"POST /api/packages","service":"luxwash-backend","timestamp":"2026-05-29T13:15:58.391Z"}
{"level":"info","message":"POST /api/auth/register","service":"luxwash-backend","timestamp":"2026-05-29T13:15:58.874Z"}
{"level":"info","message":"GET /api/auth/me","service":"luxwash-backend","timestamp":"2026-05-29T13:15:59.351Z"}
{"level":"info","message":"POST /api/wallet/admin/adjust","service":"luxwash-backend","timestamp":"2026-05-29T13:15:59.665Z"}
{"level":"info","message":"GET /api/wallet/me","service":"luxwash-backend","timestamp":"2026-05-29T13:16:00.626Z"}
{"level":"info","message":"POST /api/orders","service":"luxwash-backend","timestamp":"2026-05-29T13:16:01.085Z"}
{"level":"info","message":"GET /api/wallet/me","service":"luxwash-backend","timestamp":"2026-05-29T13:16:05.947Z"}
{"level":"info","message":"GET /api/orders","service":"luxwash-backend","timestamp":"2026-05-29T13:16:06.388Z"}
